C51 COMPILER V9.00   GOGOGO                                                                07/09/2017 17:40:54 PAGE 1   


C51 COMPILER V9.00, COMPILATION OF MODULE GOGOGO
OBJECT MODULE PLACED IN Gogogo.obj
COMPILER INVOKED BY: C:\Keil\C51\BIN\C51.EXE Source\Gogogo.c BROWSE DEBUG OBJECTEXTEND PRINT(.\Gogogo.lst) OBJECT(Gogogo
                    -.obj)

line level    source

   1          /**********头文件定义***********/
   2          #include "../Include/Gogogo.h"
   3          
   4          /**********全局变量声明*********/
   5          
   6          /**********函数定义*************/
   7          /********************************************************************************************/
   8          void WheelLeftForward(void)                                                                             /*********左轮，前转*********/
   9          {                                                                                                                               /*正转                                          */
  10   1              IN1_A=0;
  11   1              IN2_A=1;
  12   1      }
  13          
  14          void WheelLeftBackward(void)                                                                    /*********左轮，后转*********/
  15          {                                                                                                                               /*反转                                          */
  16   1              IN1_A=1;
  17   1              IN2_A=0;
  18   1      }
  19          
  20          void WheelRightForward(void)                                                                    /*********右轮，前转*********/
  21          {                                                                                                                               /*正转                                          */
  22   1              IN1_B=0;
  23   1              IN2_B=1;
  24   1      }
  25          
  26          void WheelRightBackward(void)                                                                   /*********右轮，后转*********/
  27          {                                                                                                                               /*反转                                          */
  28   1              IN1_B=1;
  29   1              IN2_B=0;
  30   1      }
  31          
  32          void WheelEngineStop(void)                                                                                      /*********      停止    *********/
  33          {
  34   1              IN1_A=0;
  35   1              IN2_A=0;
  36   1              IN1_B=0;
  37   1              IN2_B=0;
  38   1      }
  39          
  40          void WheelEngineStart(uint stime)
  41          {
  42   1              gucTimeFlag = 0;
  43   1              guiTimeNum = stime*10;
  44   1              EA=1;
  45   1              ET2=1;
  46   1              TR2=1;
  47   1              while(gucTimeFlag == 0);
  48   1              TR2=0;
  49   1              ET2=0;
  50   1              EA=0;
  51   1      }
  52          
  53          void WheelForward(void)                                                                                 /*********匀速，前进*********/
  54          {
C51 COMPILER V9.00   GOGOGO                                                                07/09/2017 17:40:54 PAGE 2   

  55   1              WheelLeftForward();
  56   1              WheelRightForward();
  57   1              WheelEngineStart(5000);
  58   1              WheelEngineStop();
  59   1      }
  60          
  61          void WheelBackward(void)                                                                                /*********匀速，后退*********/
  62          {
  63   1              WheelLeftBackward();
  64   1              WheelRightBackward();
  65   1              WheelEngineStart(5000);
  66   1              WheelEngineStop();
  67   1      }
  68          
  69          void WheelTurnLeft(void)                                                                                /*********匀速，左转*********/
  70          {
  71   1              WheelLeftBackward();
  72   1              WheelRightForward();
  73   1              WheelEngineStart(5000);
  74   1              WheelEngineStop();
  75   1      }
  76          
  77          void WheelTurnRight(void)                                                                               /*********匀速，右转*********/
  78          {
  79   1              WheelLeftForward();
  80   1              WheelRightBackward();
  81   1              WheelEngineStart(5000);
  82   1              WheelEngineStop();
  83   1      }
  84          //
  85          //void WheelAccelerateForward(void)                                                             /*********加速，前进*********/
  86          //{
  87          //      uint cycle=0,T=2048;
  88          //
  89          //      WheelLeftForward();
  90          //      WheelRightForward();
  91          //
  92          //      while(cycle!=T)
  93          //      {
  94          //              delay_us(cycle++);
  95          //              delay_us(T-cycle);
  96          //      }
  97          //}
  98          //
  99          //void WheelAccelerateBackward(void)                                                    /*********加速，后退*********/
 100          //{
 101          //      uint cycle=0,T=2048;
 102          //
 103          //      WheelLeftBackward();
 104          //      WheelRightBackward();
 105          //
 106          //      while(cycle!=T)
 107          //      {
 108          //              delay_us(cycle++);
 109          //              delay_us(T-cycle);
 110          //      }  
 111          //}
 112          
 113          


MODULE INFORMATION:   STATIC OVERLAYABLE
C51 COMPILER V9.00   GOGOGO                                                                07/09/2017 17:40:54 PAGE 3   

   CODE SIZE        =    108    ----
   CONSTANT SIZE    =   ----    ----
   XDATA SIZE       =   ----    ----
   PDATA SIZE       =   ----    ----
   DATA SIZE        =   ----    ----
   IDATA SIZE       =   ----    ----
   BIT SIZE         =   ----    ----
END OF MODULE INFORMATION.


C51 COMPILATION COMPLETE.  0 WARNING(S),  0 ERROR(S)
