C51 COMPILER V9.00   LCD                                                                   07/09/2017 17:40:54 PAGE 1   


C51 COMPILER V9.00, COMPILATION OF MODULE LCD
OBJECT MODULE PLACED IN LCD.obj
COMPILER INVOKED BY: C:\Keil\C51\BIN\C51.EXE Source\LCD.c BROWSE DEBUG OBJECTEXTEND PRINT(.\LCD.lst) OBJECT(LCD.obj)

line level    source

   1          /**********头文件定义***********/
   2          #include "../Include/LCD.h"
   3          
   4          /**********全局变量声明*********/
   5          uchar qian_data,ge_data,shi_data,bai_data ;                                                                                                     /*转换数据定义  */
   6          //uchar oct_table[10] = {'0','1','2','3','4','5','6','7','8','9'};                                                      /*显示10进制数  */
   7          //uchar hex_table[16] = {'0','1','2','3','4','5','6','7','8','9','A','B','C','D','E','F'};      /*显示16进制数  
             -*/
   8          
   9          /**********函数定义*************/
  10          /*********************************************************************************************************
             -***/
  11          #ifdef _LCD1602                                                                                                         /*************器件选择编译宏*************/
  12          
  13                                                                                                                                                  /**********     LCD1602函数定义 *************/
  14          void LCD_Write_Com(uchar com) 
  15          {  
  16   1              delay_ms(5);
  17   1              RS=0; 
  18   1              RW=0; 
  19   1              EN=1; 
  20   1              P0=com; 
  21   1              EN=0;
  22   1      }
  23          
  24          void LCD_Write_Data(uchar Data)                                                                         /*写数据函数                                                    */ 
  25          { 
  26   1              delay_ms(5);
  27   1              RS=1; 
  28   1              RW=0; 
  29   1              EN=1; 
  30   1              P0=Data; 
  31   1              EN=0;
  32   1      }
  33          
  34          void Gotoxy(uchar x,uchar y)  
  35          {     
  36   1              if (x == 1) 
  37   1              {     
  38   2                      LCD_Write_Com(0x80 + y-1);                                                                      /*表示第一行                                                    */
  39   2              }
  40   1              else 
  41   1              {      
  42   2                      LCD_Write_Com(0xC0 + y-1);                                                              /*表示第二行                                                    */
  43   2              }        
  44   1      }
  45          
  46          void LCD_Write_String(uchar *s)                                                                         /*写字符串函数                                                  */
  47          {    
  48   1              while (*s) 
  49   1              {     
  50   2                      LCD_Write_Data( *s);     
  51   2                      s ++;     
  52   2              }
  53   1      }
C51 COMPILER V9.00   LCD                                                                   07/09/2017 17:40:54 PAGE 2   

  54          
  55                                                                                                                                                  /**********     LCD1602初始化函数       *********/
  56          void Init_LCD(void) 
  57          {
  58   1              LCD_Write_Com(0x38);                                                                                    /*显示模式设置                                                  */ 
  59   1              delay_ms(1); 
  60   1              LCD_Write_Com(0x38); 
  61   1              delay_ms(1); 
  62   1              LCD_Write_Com(0x38); 
  63   1              delay_ms(1); 
  64   1              LCD_Write_Com(0x38);  
  65   1              LCD_Write_Com(0x08);                                                                                    /*显示关闭                                                              */ 
  66   1              LCD_Write_Com(0x01);                                                                                    /*显示清屏                                                              */ 
  67   1              LCD_Write_Com(0x06);                                                                                    /*显示光标移动设置                                              */ 
  68   1              delay_ms(1); 
  69   1              LCD_Write_Com(0x0C);                                                                                    /*显示开及光标设置                                              */
  70   1      } 
  71          
  72          #endif
  73                                                                                                                                                  /**********LCD1602函数定义结束  *********/
  74          
  75          #ifdef _LCD12864                                                                                                        /*器件选择编译宏                                                */
              
                                                                                                                                                      /**********     LCD12864函数定义        *********/
              void LCD_Write_Com(uchar com) 
              {  
               delay_ms(5);
               RS=0; 
               RW=0; 
               EN=1; 
               P0=com; 
               EN=0;
              }
              
              void Gotoxy(uchar x,uchar y)  
              {     
                      if (x == 1) 
                      {     
                              LCD_Write_Com(0x80 + y-1);                                                                      /*表示第一行                                                    */
                      }
                      else if(x == 2)
                      {      
                              LCD_Write_Com(0x90 + y-1);                                                                      /*表示第二行                                                    */
                      }        
                      else if(x == 3)
                      {
                              LCD_Write_Com(0x88 + y-1);                                                                      /*表示第三行                                                    */
                      }
                      else if(x == 4)
                      {
                              LCD_Write_Com(0x98 + y-1);                                                                      /*表示第四行                                                    */
                      }
              }
              
              void LCD_Write_Data(uchar Data)                                                                         /*************写数据函数*****************/ 
              { 
                      delay_ms(5);
                      RS=1; 
                      RW=0; 
                      EN=1; 
                      P0= Data; 
                      EN=0;
C51 COMPILER V9.00   LCD                                                                   07/09/2017 17:40:54 PAGE 3   

              }
              
              //void LCD_Write_String(uchar x,uchar y,uchar *s)   /*写字符串函数*/
              void LCD_Write_String(uchar *s)                                                                         /**************写字符串函数**************/
              {     
              //      if (x == 1) 
              //      {     
              //              LCD_Write_Com(0x80 + y-1);                                                                      /*表示第一行                                                    */
              //      }
              //      else if(x == 2)
              //      {                                                                                                                                       
              //              LCD_Write_Com(0x90 + y-1);                                                                      /*表示第二行                                                    */
              //      }        
              //      else if(x == 3)
              //      {
              //              LCD_Write_Com(0x88 + y-1);                                                                      /*表示第三行                                                    */
              //      }
              //      else if(x == 4)
              //      {                                                                                                                                               
              //              LCD_Write_Com(0x98 + y-1);                                                                      /*表示第四行                                                    */
              //      }        
                      while (*s) 
                      {     
                              LCD_Write_Data( *s);     
                              s ++;     
                      }
              }
              
                                                                                                                                                      /************   初始化函数12864 *********/
              void Init_LCD(void) 
              {
                 LCD_Write_Com(0x30);                                                                                         /*显示模式设置                                                  */ 
                 delay_ms(1); 
                 LCD_Write_Com(0x30); 
                 delay_ms(1); 
                   
                 LCD_Write_Com(0x08);                                                                                         /*显示关闭                                                              */ 
                 LCD_Write_Com(0x10);
                 delay_ms(1); 
                 LCD_Write_Com(0x0C);                                                                                         /*显示开及光标设置                                              */
                 LCD_Write_Com(0x01);                                                                                         /*显示清屏                                                              */ 
                 LCD_Write_Com(0x06);                                                                                         /*显示光标移动设置                                              */ 
                 
              }
              
              #endif
 162                                                                                                                                                  /**********LCD12864函数定义结束 *********/
 163          
 164                                                                                                                                                  /******LCD1602+12864的清屏函数***********/
 165          void LCD_Clear(void)
 166          {
 167   1              LCD_Write_Com(0x01);
 168   1      }
 169          
 170                                                                                                                                                  /***********显示+数据转换程序************/
 171          void ConvertNumToDisplay(uchar x,uchar y,uint Num)  
 172          {
 173   1              qian_data=Num/1000 ;                                                                                                    
 174   1              Num=Num%1000;                                                                                                   /*取余运算                                                              */
 175   1              bai_data=Num/100 ;
 176   1              Num=Num%100;                                                                                                    /*取余运算                                                              */
 177   1              shi_data=Num/10 ;
C51 COMPILER V9.00   LCD                                                                   07/09/2017 17:40:54 PAGE 4   

 178   1              Num=Num%10;                                                                                                     /*取余运算                                                              */
 179   1              ge_data=Num;
 180   1      
 181   1              Gotoxy(x,y);
 182   1      
 183   1              LCD_Write_String("DIST: ");
 184   1              LCD_Write_Data(qian_data+0x30);
 185   1              LCD_Write_Data(bai_data+0x30);
 186   1              LCD_Write_Data(shi_data+0x30);
 187   1              LCD_Write_Data('.');
 188   1              LCD_Write_Data(ge_data+0x30);
 189   1              LCD_Write_String("CM"); 
 190   1      }
 191          //
 192          //                                                                                                                                      /************显示10进制数//**************/
 193          //void ConvertOctToDisplay(uchar x,uchar y,uint Octnum)
 194          //{
 195          //      uchar a, b, c, d;
 196          //      
 197          //      a = (Octnum/256)/10;                                                                                    /*取高字节的高4位                                               */
 198          //      b = (Octnum/256)%10;                                                                                    /*取高字节的低4位                                               */
 199          //      
 200          //      c = (Octnum%256)/10;                                                                                    /*取低字节的高4位                                               */
 201          //      d = (Octnum%256)%10;                                                                                    /*取低字节的低4位                                               */
 202          //
 203          //      Gotoxy(x,y);    
 204          //
 205          //      LCD_Write_Data(oct_table[a]);
 206          //      LCD_Write_Data(oct_table[b]);
 207          //      LCD_Write_Data('.');
 208          //      LCD_Write_Data(oct_table[c]);
 209          //      LCD_Write_Data(oct_table[d]);
 210          //}
 211                                                                                                                                                  /*************显示16进制数//*************/
 212          //void ConvertHexToDisplay(uchar x,uchar y,uint Hexnum)
 213          //{
 214          //      uchar a, b, c, d;
 215          //                                                                                                                                                      
 216          //      a = (Hexnum/256)/16;                                                                                    /*取高字节的高4位                                               */
 217          //      b = (Hexnum/256)%16;                                                                                    /*取高字节的低4位
 218          //      
 219          //      c = (Hexnum%256)/16;                                                                                    /*取低字节的高4位                                               */
 220          //      d = (Hexnum%256)%16;                                                                                    /*取低字节的低4位                                               */
 221          //
 222          //      Gotoxy(x,y);
 223          //
 224          //      LCD_Write_Data(hex_table[a]);
 225          //      LCD_Write_Data(hex_table[b]);
 226          //      LCD_Write_Data(hex_table[c]);
 227          //      LCD_Write_Data(hex_table[d]);
 228          //}
 229          


MODULE INFORMATION:   STATIC OVERLAYABLE
   CODE SIZE        =    313    ----
   CONSTANT SIZE    =     10    ----
   XDATA SIZE       =   ----    ----
   PDATA SIZE       =   ----    ----
   DATA SIZE        =      4       8
   IDATA SIZE       =   ----    ----
   BIT SIZE         =   ----    ----
C51 COMPILER V9.00   LCD                                                                   07/09/2017 17:40:54 PAGE 5   

END OF MODULE INFORMATION.


C51 COMPILATION COMPLETE.  0 WARNING(S),  0 ERROR(S)
