C51 COMPILER V9.00   STEERINGGEAR                                                          07/09/2017 17:40:57 PAGE 1   


C51 COMPILER V9.00, COMPILATION OF MODULE STEERINGGEAR
OBJECT MODULE PLACED IN SteeringGear.obj
COMPILER INVOKED BY: C:\Keil\C51\BIN\C51.EXE Source\SteeringGear.c BROWSE DEBUG OBJECTEXTEND PRINT(.\SteeringGear.lst) O
                    -BJECT(SteeringGear.obj)

line level    source

   1          /**********头文件定义******************************/
   2          #include "../Include/SteeringGear.h"
   3          
   4          /*********全局变量声明*****************************/
   5          uint guiPwmNum,guiPwmCounter,guiTimeCounter;
   6          uchar gucPwmFlag;
   7          
   8          /*********函数定义*********************************/
   9          /********************************************************************************/
  10          void Init_StGear(void)                                                  /*********初始化单片机  *********/
  11          {       
  12   1              TMOD=0x11;                                                                      /*定时器0、1为16位不自动重装    */
  13   1      
  14   1              guiPwmCounter = 0;
  15   1              guiTimeCounter = 0;
  16   1              guiPwmNum = 0;
  17   1              gucPwmFlag = 0;
  18   1              STGEAR = 0;
  19   1                                                                                                      /*初始上电，归中                                */
  20   1              StGearTurnMid00();      
  21   1      }
  22          
  23          void StGearTurnMid00(void)                                              /********舵机转向左侧90度********/
  24          {
  25   1              gucPwmFlag = 0;
  26   1              guiPwmNum = 4;
  27   1              STGEAR=1;
  28   1              EA=1;
  29   1              ET0=1;
  30   1              TR0=1;
  31   1              while(gucPwmFlag == 0);
  32   1              TR0=0;
  33   1              ET0=0;
  34   1              EA=0;
  35   1      }
  36          
  37          void StGearTurnRight90(void)                                    /********舵机转向中间00度********/
  38          {
  39   1              gucPwmFlag = 0;
  40   1              guiPwmNum = 2;
  41   1              STGEAR=1;
  42   1              EA=1;
  43   1              ET0=1;
  44   1              TR0=1;
  45   1              while(gucPwmFlag == 0);
  46   1              TR0=0;
  47   1              ET0=0;
  48   1              EA=0;
  49   1      }
  50          
  51          void StGearTurnLeft90(void)                                             /********舵机转向右侧90度********/
  52          {
  53   1              gucPwmFlag = 0;
  54   1              guiPwmNum = 7;
C51 COMPILER V9.00   STEERINGGEAR                                                          07/09/2017 17:40:57 PAGE 2   

  55   1              STGEAR=1;
  56   1              EA=1;
  57   1              ET0=1;
  58   1              TR0=1;
  59   1              while(gucPwmFlag == 0);
  60   1              TR0=0;
  61   1              ET0=0;
  62   1              EA=0;
  63   1      }
  64          
  65          void timer0(void) interrupt 1                              /**************定时器0************/
  66          {
  67   1              TH0=(65536-300)>>8;        
  68   1              TL0=(65536-300)&0xFF;
  69   1      
  70   1              guiPwmCounter++;        
  71   1              if(guiPwmCounter == guiPwmNum)
  72   1              {       
  73   2                      STGEAR=~STGEAR;
  74   2                      guiPwmCounter = 0;
  75   2                      guiTimeCounter++;
  76   2              }       
  77   1              if(guiTimeCounter>=200)
  78   1              {
  79   2                      gucPwmFlag = 1;
  80   2                      guiTimeCounter=0;
  81   2              }
  82   1      }
  83          
  84          


MODULE INFORMATION:   STATIC OVERLAYABLE
   CODE SIZE        =    171    ----
   CONSTANT SIZE    =   ----    ----
   XDATA SIZE       =   ----    ----
   PDATA SIZE       =   ----    ----
   DATA SIZE        =      7    ----
   IDATA SIZE       =   ----    ----
   BIT SIZE         =   ----    ----
END OF MODULE INFORMATION.


C51 COMPILATION COMPLETE.  0 WARNING(S),  0 ERROR(S)
