C51 COMPILER V9.00   ULTRASONICRANGING                                                     07/09/2017 17:40:57 PAGE 1   


C51 COMPILER V9.00, COMPILATION OF MODULE ULTRASONICRANGING
OBJECT MODULE PLACED IN UltraSonicRanging.obj
COMPILER INVOKED BY: C:\Keil\C51\BIN\C51.EXE Source\UltraSonicRanging.c BROWSE DEBUG OBJECTEXTEND PRINT(.\UltraSonicRang
                    -ing.lst) OBJECT(UltraSonicRanging.obj)

line level    source

   1          /**********头文件定义******************************/
   2          #include "../Include/UltraSonicRanging.h"
   3          
   4          /*********全局变量声明*****************************/
   5          uint32  Dist[3];                                                        /*测距接收缓冲区                                                                                        */
   6          uchar gucTimerH,gucTimerL;                                      /*自定义寄存器                                                                                          */
   7          bit SucceedFlag;                                                        /*测量成功标志                                                                                          */
   8          
   9          /*********函数定义*********************************/
  10          /********************************************************************************************************/
  11          void Init_UltraSonicRanging(void)                       /************************超声波初始化************************/
  12          {         
  13   1              Tx=0;                                                           /*首先拉低脉冲输入引脚                                                                          */
  14   1              TMOD=0x11;                                                      /*定时器0，定时器1，16位工作方式                                                        */
  15   1              IT0=0;                                                          /*由高电平变低电平，触发外部中断，下降沿触发                            */
  16   1              EX0=0;                                                          /*外部中断                                                                                                      */
  17   1              EA=0;                                                                   /*关闭总中断0                                                                                           */
  18   1      }
  19          
  20          uchar UltraSonicRanging(void)                           /**************************     测距*****************************/
  21          {  
  22   1              uint32 dist_data;
  23   1              uchar i;
  24   1              uchar ObstFlag = 0; 
  25   1      
  26   1              for(i=0;i<=2;i++)
  27   1              {
  28   2                      EA=0;
  29   2                      Tx=1;
  30   2                      delay_100us(1);
  31   2                      Tx=0;                                                   /*产生一个20us的脉冲，在Tx引脚                                                          */  
  32   2              
  33   2                  while(Rx==0);                                               /*等待Rx回波引脚变高电平                                                                        */
  34   2                  SucceedFlag=0;                                              /*清测量成功标志                                                                                        */
  35   2                                                                                                                                                                                                      
  36   2                  EX0=1;                                              /*打开外部中断                                                                                          */
  37   2                      TH1=0;                                                  /*定时器1清零                                                                                           */
  38   2                  TL1=0;                                              /*定时器1清零                                                                                           */
  39   2                  TF1=0;
  40   2                  TR1=1;                                              /*启动定时器1                                                                                           */
  41   2                      EA=1;
  42   2      
  43   2                  while(TH1<30);                                              /*等待测量的结果，周期65.535毫秒（可用中断实现）                        */ 
  44   2                      TR1=0;                                                  /*关闭定时器1                                                                                           */
  45   2                  EX0=0;                                              /*关闭外部中断0                                                                                         */
  46   2                      EA=0;
  47   2      
  48   2                      if(SucceedFlag == 1)                            /*有回波                                                                                                        */
  49   2                      {       
  50   3                              dist_data=gucTimerH;                    /*测量结果的高8位                                                                                       */
  51   3                              dist_data<<=8;                                  /*放入16位的高8位                                                                                       */
  52   3                              dist_data=dist_data|gucTimerL;  /*与低8位合并成为16位结果数据                                                           */
  53   3                              dist_data*=12;                  /*因为定时器默认为12分频                                                                        */
  54   3                              dist_data/=58;                  /*微秒的单位除以58等于厘米                                                                      */
C51 COMPILER V9.00   ULTRASONICRANGING                                                     07/09/2017 17:40:57 PAGE 2   

  55   3                      }                                                                       /*为什么除以58等于厘米，  Y米=（X秒*344）/2                                     */
  56   2                                                                                              /*X秒=（ 2*Y米）/344 ==》X秒=0.0058*Y米 ==》厘米=微秒/58        */
  57   2                      else if(SucceedFlag == 0)
  58   2                      {
  59   3                              dist_data=0;                                    /*没有回波则清零                                                                                        */
  60   3                      }
  61   2                      else
  62   2                      {
  63   3                              return 0x1F;                                    /*异常保护                                                                                                      */
  64   3                      }
  65   2              
  66   2                      Dist[i]=dist_data;                                      /*将测量结果的数据放入缓冲区                                                            */
  67   2              }
  68   1              EA = 0;
  69   1              RangingSort();                                                  /*将测量结果排序，最大值输出                                                            */
  70   1      
  71   1              ConvertNumToDisplay(1,1,Dist[1]);               /*测量结果转换+LCD显示                                                                          */      
  72   1                   
  73   1              if((Dist[1] > 0x012D)||(Dist[1] == 0))
  74   1              {
  75   2                      ObstFlag = 0;
  76   2              }
  77   1              else
  78   1              {
  79   2                      ObstFlag = 1;
  80   2              }
  81   1              Dist[0]=0;Dist[1]=0;Dist[2]=0;Dist[3]=0;/*变量清零，避免误判                                                                            */
  82   1              EA = 1; 
  83   1              return ObstFlag;
  84   1      }
  85                                                                                                  /************************测距结果排序************************/
  86          void RangingSort(void)
  87          {  
  88   1              uint32 temp;
  89   1              if (Dist[0]>Dist[1])
  90   1                      {temp=Dist[0];Dist[0]=Dist[1];Dist[1]=temp;} 
  91   1              if(Dist[0]>Dist[2])
  92   1                      {temp=Dist[2];Dist[2]=Dist[0];Dist[0]=temp;} 
  93   1              if(Dist[1]>Dist[2])
  94   1                      {temp=Dist[1];Dist[1]=Dist[2];Dist[2]=temp;}  
  95   1      }
  96          
  97                                                                                                  /*****************外部中断0，用做判断回波电平****************/
  98          INT0_()  interrupt 0                                            /* 外部中断0                                                                                            */
  99          {    
 100   1              gucTimerH =TH1;                                                 /*取出定时器的值                                                                                        */
 101   1              gucTimerL =TL1;                                                 /*取出定时器的值                                                                                        */
 102   1              SucceedFlag = 1;                                                /*置成功测量的标志                                                                                      */
 103   1              EX0 = 0;                                                                /*关闭外部中断                                                                                          */
 104   1      }
 105          
 106          


MODULE INFORMATION:   STATIC OVERLAYABLE
   CODE SIZE        =    487    ----
   CONSTANT SIZE    =   ----    ----
   XDATA SIZE       =   ----    ----
   PDATA SIZE       =   ----    ----
   DATA SIZE        =     14      10
   IDATA SIZE       =   ----    ----
   BIT SIZE         =      1    ----
C51 COMPILER V9.00   ULTRASONICRANGING                                                     07/09/2017 17:40:57 PAGE 3   

END OF MODULE INFORMATION.


C51 COMPILATION COMPLETE.  0 WARNING(S),  0 ERROR(S)
